"blank"			"=========================="
"blank"			"Controls - Movement"
"blank"			"=========================="
"+forward"		"Move forward"
"+back"			"Move back"
"+moveleft"		"Run left"
"+moveright"	"Run right"
"+sprint"       "Sprint"
"+dodge"       	"Dodge"
"+jump"			"Jump"
"+duck"			"Crouch"
"blank"			"=========================="
"blank"			"Controls - Weapons/items"
"blank"			"=========================="
"+use"			"Pickup/Interact with items"
"+attack"		"Primary Attack"
"+attack2"		"Secondary Attack"
"+attack3"		"Tertiary Attack"
"weapontoggle"	"Toggle weapon function"
"+reload"		"Reload"
"+inventory"	"Inventory"
"+objectives"	"See current objective"
"quicksel 1"	"Quick slot 1"
"quicksel 2"	"Quick slot 2"
"quicksel 3"	"Quick slot 3"
"flashlight"	"Flashlight (coop only)"
"blank"			"=========================="
"blank"			"Controls - Misc"
"blank"			"=========================="
"vote 1"        "Vote yes on votekick (coop only)"
"vote 0"        "Vote no on votekick (coop only)"
"adlib 0"       "Follow me! (coop only)"
"adlib 1"       "Help me! (coop only)"
"adlib 2"       "Found something! (coop only)"
"messagemode"	"Chat message"
"snapshot"		"Take screenshot"
"pause"			"Pause game"
"quit"			"Quit game"